
> freelancefrontend@0.0.0 build
> vite build

[36mvite v7.3.1 [32mbuilding client environment for production...[36m[39m
transforming...
[32mΓ£ô[39m 25 modules transformed.
node.exe : 
[31mΓ£ù[39m Build 
failed in 394ms
At C:\Program Files\no
dejs\npm.ps1:29 char:3
+   & $NODE_EXE 
$NPM_CLI_JS $args
+   ~~~~~~~~~~~~~~~~~~
~~~~~~~~~~~
    + CategoryInfo    
          : NotSpeci  
  fied: ([31mΓ£ù[   
 39m Build failed     
in 394ms:String)     
[], RemoteExcepti    
on
    + FullyQualifiedE 
   rrorId : NativeCo  
  mmandError
 
[31merror during 
build:
[31m[vite]: Rollup 
failed to resolve 
import 
"react-button-icons" 
from "C:/FreelanceFron
tend/src/components/la
yout/FreelancerLayout.
jsx".
This is most likely 
unintended because it 
can break your 
application at 
runtime.
If you do want to 
externalize this 
module explicitly add 
it to
`build.rollupOptions.e
xternal`[31m
    at viteLog (file:/
//C:/FreelanceFrontend
/node_modules/.pnpm/vi
te@7.3.1_jiti@2.6.1_li
ghtningcss@1.30.2/node
_modules/vite/dist/nod
e/chunks/config.js:336
35:57)
    at file:///C:/Free
lanceFrontend/node_mod
ules/.pnpm/vite@7.3.1_
jiti@2.6.1_lightningcs
s@1.30.2/node_modules/
vite/dist/node/chunks/
config.js:33669:73
    at onwarn (file://
/C:/FreelanceFrontend/
node_modules/.pnpm/@vi
tejs+plugin-react@5.1.
4__e63a385c8082fceb64b
e4d488d165ff0/node_mod
ules/@vitejs/plugin-re
act/dist/index.js:76:7
)
    at file:///C:/Free
lanceFrontend/node_mod
ules/.pnpm/vite@7.3.1_
jiti@2.6.1_lightningcs
s@1.30.2/node_modules/
vite/dist/node/chunks/
config.js:33669:28
    at onRollupLog (fi
le:///C:/FreelanceFron
tend/node_modules/.pnp
m/vite@7.3.1_jiti@2.6.
1_lightningcss@1.30.2/
node_modules/vite/dist
/node/chunks/config.js
:33664:63)
    at onLog (file:///
C:/FreelanceFrontend/n
ode_modules/.pnpm/vite
@7.3.1_jiti@2.6.1_ligh
tningcss@1.30.2/node_m
odules/vite/dist/node/
chunks/config.js:33467
:4)
    at file:///C:/Free
lanceFrontend/node_mod
ules/.pnpm/rollup@4.57
.1/node_modules/rollup
/dist/es/shared/node-e
ntry.js:20958:32
    at Object.logger 
[as onLog] (file:///C:
/FreelanceFrontend/nod
e_modules/.pnpm/rollup
@4.57.1/node_modules/r
ollup/dist/es/shared/n
ode-entry.js:22945:9)
    at ModuleLoader.ha
ndleInvalidResolvedId 
(file:///C:/FreelanceF
rontend/node_modules/.
pnpm/rollup@4.57.1/nod
e_modules/rollup/dist/
es/shared/node-entry.j
s:21689:26)
    at file:///C:/Free
lanceFrontend/node_mod
ules/.pnpm/rollup@4.57
.1/node_modules/rollup
/dist/es/shared/node-e
ntry.js:21647:26[39m
